Initialized native services in: /data/data/com.termux/files/home/.gradle/native
Initialized jansi services in: /data/data/com.termux/files/home/.gradle/native
Removing daemon from the registry due to communication failure. Daemon information: DaemonInfo{pid=4941, address=[8771fe92-2d3d-4547-b664-6673faec7346 port:44395, addresses:[/127.0.0.1]], state=Idle, lastBusy=1784784778033, context=DefaultDaemonContext[uid=acb7ef34-4be5-4a50-8f6e-699caa9e9c09,javaHome=/data/data/com.termux/files/usr/lib/jvm/java-21-openjdk,javaVersion=21,javaVendor=Termux,daemonRegistryDir=/data/data/com.termux/files/home/.gradle/daemon,pid=4941,idleTimeout=10800000,priority=NORMAL,applyInstrumentationAgent=true,nativeServicesMode=ENABLED,daemonOpts=-Xmx4g,-Dfile.encoding=UTF-8,-Duser.country,-Duser.language=en,-Duser.variant]}
Removing 1 daemon stop events from registry
Previous Daemon (4941) stopped at Fri Jul 24 13:35:29 GMT 2026 by user or operating system
Starting a Gradle Daemon, 1 incompatible and 1 stopped Daemons could not be reused, use --status for details
Starting process 'Gradle build daemon'. Working directory: /data/data/com.termux/files/home/.gradle/daemon/8.13 Command: /data/data/com.termux/files/usr/lib/jvm/java-21-openjdk/bin/java --add-opens=java.base/java.lang=ALL-UNNAMED --add-opens=java.base/java.lang.invoke=ALL-UNNAMED --add-opens=java.base/java.util=ALL-UNNAMED --add-opens=java.prefs/java.util.prefs=ALL-UNNAMED --add-exports=jdk.compiler/com.sun.tools.javac.api=ALL-UNNAMED --add-exports=jdk.compiler/com.sun.tools.javac.util=ALL-UNNAMED --add-opens=java.base/java.util=ALL-UNNAMED --add-opens=java.prefs/java.util.prefs=ALL-UNNAMED --add-opens=java.base/java.nio.charset=ALL-UNNAMED --add-opens=java.base/java.net=ALL-UNNAMED --add-opens=java.base/java.util.concurrent.atomic=ALL-UNNAMED --add-opens=java.xml/javax.xml.namespace=ALL-UNNAMED -Xmx4g -Dfile.encoding=UTF-8 -Duser.country -Duser.language=en -Duser.variant -cp /data/data/com.termux/files/home/.gradle/wrapper/dists/gradle-8.13-bin/5xuhj0ry160q40clulazy9h7d/gradle-8.13/lib/gradle-daemon-main-8.13.jar -javaagent:/data/data/com.termux/files/home/.gradle/wrapper/dists/gradle-8.13-bin/5xuhj0ry160q40clulazy9h7d/gradle-8.13/lib/agents/gradle-instrumentation-agent-8.13.jar org.gradle.launcher.daemon.bootstrap.GradleDaemon 8.13
Successfully started process 'Gradle build daemon'
An attempt to start the daemon took 5.137 secs.
The client will now receive all logging from the daemon (pid: 10522). The daemon log file: /data/data/com.termux/files/home/.gradle/daemon/8.13/daemon-10522.out.log
Starting build in new daemon [memory: 4 GiB]
Using 4 worker leases.
Received JVM installation metadata from '/data/data/com.termux/files/usr/lib/jvm/java-21-openjdk': {JAVA_HOME=/data/data/com.termux/files/usr/lib/jvm/java-21-openjdk, JAVA_VERSION=21.0.11, JAVA_VENDOR=Termux, RUNTIME_NAME=OpenJDK Runtime Environment, RUNTIME_VERSION=21.0.11, VM_NAME=OpenJDK 64-Bit Server VM, VM_VERSION=21.0.11, VM_VENDOR=Termux, OS_ARCH=aarch64}
Watching the file system is configured to be enabled if available
File system watching is inactive
Starting Build
Resource missing. [HTTP HEAD: https://plugins.gradle.org/m2/org/gradle/toolchains/foojay-resolver-convention/org.gradle.toolchains.foojay-resolver-convention.gradle.plugin/1.0.0/org.gradle.toolchains.foojay-resolver-convention.gradle.plugin-1.0.0.jar]
Resolved plugin [id: 'org.gradle.toolchains.foojay-resolver-convention', version: '1.0.0']
Settings evaluated using settings file '/data/data/com.termux/files/home/votmari-blood-foundation/settings.gradle.kts'.
Using local directory build cache for the root build (location = /data/data/com.termux/files/home/.gradle/caches/build-cache-1, remove unused entries = after 7 days).
Projects loaded. Root project using build file '/data/data/com.termux/files/home/votmari-blood-foundation/build.gradle.kts'.
Included projects: [root project 'My Application', project ':app']

> Configure project :
Evaluating root project 'My Application' using build file '/data/data/com.termux/files/home/votmari-blood-foundation/build.gradle.kts'.
Resource missing. [HTTP HEAD: https://dl.google.com/dl/android/maven2/com/android/application/com.android.application.gradle.plugin/8.10.1/com.android.application.gradle.plugin-8.10.1.jar]
Resolved plugin [id: 'com.android.application', version: '8.10.1', apply: false]
Resource missing. [HTTP HEAD: https://repo.maven.apache.org/maven2/org/jetbrains/kotlin/android/org.jetbrains.kotlin.android.gradle.plugin/2.2.10/org.jetbrains.kotlin.android.gradle.plugin-2.2.10.jar]
Resolved plugin [id: 'org.jetbrains.kotlin.android', version: '2.2.10', apply: false]
Resource missing. [HTTP HEAD: https://repo.maven.apache.org/maven2/org/jetbrains/kotlin/plugin/compose/org.jetbrains.kotlin.plugin.compose.gradle.plugin/2.2.10/org.jetbrains.kotlin.plugin.compose.gradle.plugin-2.2.10.jar]
Resolved plugin [id: 'org.jetbrains.kotlin.plugin.compose', version: '2.2.10', apply: false]
Resource missing. [HTTP HEAD: https://repo.maven.apache.org/maven2/com/google/devtools/ksp/com.google.devtools.ksp.gradle.plugin/2.2.10-2.0.2/com.google.devtools.ksp.gradle.plugin-2.2.10-2.0.2.jar]
Resolved plugin [id: 'com.google.devtools.ksp', version: '2.2.10-2.0.2', apply: false]
Resource missing. [HTTP HEAD: https://repo.maven.apache.org/maven2/io/github/takahirom/roborazzi/io.github.takahirom.roborazzi.gradle.plugin/1.59.0/io.github.takahirom.roborazzi.gradle.plugin-1.59.0.jar]
Resolved plugin [id: 'io.github.takahirom.roborazzi', version: '1.59.0', apply: false]
Resource missing. [HTTP HEAD: https://dl.google.com/dl/android/maven2/com/google/android/libraries/mapsplatform/secrets-gradle-plugin/com.google.android.libraries.mapsplatform.secrets-gradle-plugin.gradle.plugin/2.0.1/com.google.android.libraries.mapsplatform.secrets-gradle-plugin.gradle.plugin-2.0.1.jar]
Resolved plugin [id: 'com.google.android.libraries.mapsplatform.secrets-gradle-plugin', version: '2.0.1', apply: false]
Resource missing. [HTTP HEAD: https://dl.google.com/dl/android/maven2/com/google/gms/google-services/com.google.gms.google-services.gradle.plugin/4.5.0/com.google.gms.google-services.gradle.plugin-4.5.0.jar]
Resolved plugin [id: 'com.google.gms.google-services', version: '4.5.0', apply: false]

> Configure project :app
Evaluating project ':app' using build file '/data/data/com.termux/files/home/votmari-blood-foundation/app/build.gradle.kts'.
Resolved plugin [id: 'com.android.application', version: '8.10.1']
Resolved plugin [id: 'org.jetbrains.kotlin.android', version: '2.2.10']
Resolved plugin [id: 'org.jetbrains.kotlin.plugin.compose', version: '2.2.10']
Resolved plugin [id: 'com.google.devtools.ksp', version: '2.2.10-2.0.2']
Resolved plugin [id: 'io.github.takahirom.roborazzi', version: '1.59.0']
Resolved plugin [id: 'com.google.android.libraries.mapsplatform.secrets-gradle-plugin', version: '2.0.1']
Resolved plugin [id: 'com.google.gms.google-services', version: '4.5.0']
Using default execution profile
Build 9e96835e-a2e8-4e40-9d85-0ce289d69ee1 is started
Using Kotlin Gradle Plugin gradle813 variant
Detected Android Gradle Plugin compose compiler configuration
Detected Android Gradle Plugin compose compiler configuration
Detected Android Gradle Plugin compose compiler configuration
Detected Android Gradle Plugin compose compiler configuration
Detected Android Gradle Plugin compose compiler configuration
All projects evaluated.
Adding -Xuse-inline-scopes-numbers Kotlin compiler flag for task :app:compileDebugKotlin
Task name matched 'compileDebugKotlin'
Selected primary task 'compileDebugKotlin' from project :
Build 9e96835e-a2e8-4e40-9d85-0ce289d69ee1 is closed

[Incubating] Problems report is available at: file:///data/data/com.termux/files/home/votmari-blood-foundation/build/reports/problems/problems-report.html

FAILURE: Build failed with an exception.

* What went wrong:
Could not determine the dependencies of task ':app:compileDebugKotlin'.
> SDK location not found. Define a valid SDK location with an ANDROID_HOME environment variable or by setting the sdk.dir path in your project's local properties file at '/data/data/com.termux/files/home/votmari-blood-foundation/local.properties'.

* Try:
> Run with --debug option to get more log output.
> Run with --scan to get full insights.
> Get more help at https://help.gradle.org.

* Exception is:
org.gradle.api.internal.tasks.TaskDependencyResolveException: Could not determine the dependencies of task ':app:compileDebugKotlin'.
	at org.gradle.api.internal.tasks.CachingTaskDependencyResolveContext.getDependencies(CachingTaskDependencyResolveContext.java:70)
	at org.gradle.execution.plan.TaskDependencyResolver.resolveDependenciesFor(TaskDependencyResolver.java:49)
	at org.gradle.execution.plan.LocalTaskNode.getDependencies(LocalTaskNode.java:151)
	at org.gradle.execution.plan.LocalTaskNode.resolveDependencies(LocalTaskNode.java:125)
	at org.gradle.execution.plan.DefaultExecutionPlan.discoverNodeRelationships(DefaultExecutionPlan.java:182)
	at org.gradle.execution.plan.DefaultExecutionPlan.doAddEntryNodes(DefaultExecutionPlan.java:154)
	at org.gradle.execution.plan.DefaultExecutionPlan.addEntryTasks(DefaultExecutionPlan.java:129)
	at org.gradle.execution.plan.DefaultExecutionPlan.addEntryTasks(DefaultExecutionPlan.java:121)
	at org.gradle.execution.TaskNameResolvingBuildTaskScheduler.scheduleRequestedTasks(TaskNameResolvingBuildTaskScheduler.java:61)
	at org.gradle.execution.DefaultTasksBuildTaskScheduler.scheduleRequestedTasks(DefaultTasksBuildTaskScheduler.java:72)
	at org.gradle.initialization.DefaultTaskExecutionPreparer.lambda$scheduleRequestedTasks$0(DefaultTaskExecutionPreparer.java:48)
	at org.gradle.internal.Factories$1.create(Factories.java:31)
	at org.gradle.internal.work.DefaultWorkerLeaseService.withReplacedLocks(DefaultWorkerLeaseService.java:359)
	at org.gradle.api.internal.project.DefaultProjectStateRegistry$DefaultBuildProjectRegistry.withMutableStateOfAllProjects(DefaultProjectStateRegistry.java:239)
	at org.gradle.api.internal.project.DefaultProjectStateRegistry$DefaultBuildProjectRegistry.withMutableStateOfAllProjects(DefaultProjectStateRegistry.java:232)
	at org.gradle.initialization.DefaultTaskExecutionPreparer.scheduleRequestedTasks(DefaultTaskExecutionPreparer.java:47)
	at org.gradle.initialization.VintageBuildModelController.lambda$scheduleRequestedTasks$0(VintageBuildModelController.java:76)
	at org.gradle.internal.model.StateTransitionController.lambda$inState$1(StateTransitionController.java:99)
	at org.gradle.internal.model.StateTransitionController.lambda$inState$2(StateTransitionController.java:114)
	at org.gradle.internal.work.DefaultSynchronizer.withLock(DefaultSynchronizer.java:46)
	at org.gradle.internal.model.StateTransitionController.inState(StateTransitionController.java:110)
	at org.gradle.internal.model.StateTransitionController.inState(StateTransitionController.java:98)
	at org.gradle.initialization.VintageBuildModelController.scheduleRequestedTasks(VintageBuildModelController.java:76)
	at org.gradle.internal.build.DefaultBuildLifecycleController$DefaultWorkGraphBuilder.addRequestedTasks(DefaultBuildLifecycleController.java:404)
	at org.gradle.internal.buildtree.DefaultBuildTreeWorkPreparer.lambda$scheduleRequestedTasks$0(DefaultBuildTreeWorkPreparer.java:41)
	at org.gradle.internal.build.DefaultBuildLifecycleController.lambda$populateWorkGraph$7(DefaultBuildLifecycleController.java:189)
	at org.gradle.internal.build.DefaultBuildWorkPreparer.populateWorkGraph(DefaultBuildWorkPreparer.java:42)
	at org.gradle.internal.build.BuildOperationFiringBuildWorkPreparer$PopulateWorkGraph.populateTaskGraph(BuildOperationFiringBuildWorkPreparer.java:106)
	at org.gradle.internal.build.BuildOperationFiringBuildWorkPreparer$PopulateWorkGraph.run(BuildOperationFiringBuildWorkPreparer.java:92)
	at org.gradle.internal.operations.DefaultBuildOperationRunner$1.execute(DefaultBuildOperationRunner.java:30)
	at org.gradle.internal.operations.DefaultBuildOperationRunner$1.execute(DefaultBuildOperationRunner.java:27)
	at org.gradle.internal.operations.DefaultBuildOperationRunner$2.execute(DefaultBuildOperationRunner.java:67)
	at org.gradle.internal.operations.DefaultBuildOperationRunner$2.execute(DefaultBuildOperationRunner.java:60)
	at org.gradle.internal.operations.DefaultBuildOperationRunner.execute(DefaultBuildOperationRunner.java:167)
	at org.gradle.internal.operations.DefaultBuildOperationRunner.execute(DefaultBuildOperationRunner.java:60)
	at org.gradle.internal.operations.DefaultBuildOperationRunner.run(DefaultBuildOperationRunner.java:48)
	at org.gradle.internal.build.BuildOperationFiringBuildWorkPreparer.populateWorkGraph(BuildOperationFiringBuildWorkPreparer.java:67)
	at org.gradle.internal.build.DefaultBuildLifecycleController.lambda$populateWorkGraph$8(DefaultBuildLifecycleController.java:189)
	at org.gradle.internal.model.StateTransitionController.lambda$inState$1(StateTransitionController.java:99)
	at org.gradle.internal.model.StateTransitionController.lambda$inState$2(StateTransitionController.java:114)
	at org.gradle.internal.work.DefaultSynchronizer.withLock(DefaultSynchronizer.java:46)
	at org.gradle.internal.model.StateTransitionController.inState(StateTransitionController.java:110)
	at org.gradle.internal.model.StateTransitionController.inState(StateTransitionController.java:98)
	at org.gradle.internal.build.DefaultBuildLifecycleController.populateWorkGraph(DefaultBuildLifecycleController.java:189)
	at org.gradle.internal.build.DefaultBuildWorkGraphController$DefaultBuildWorkGraph.populateWorkGraph(DefaultBuildWorkGraphController.java:169)
	at org.gradle.composite.internal.DefaultBuildController.populateWorkGraph(DefaultBuildController.java:76)
	at org.gradle.composite.internal.DefaultIncludedBuildTaskGraph$DefaultBuildTreeWorkGraphBuilder.withWorkGraph(DefaultIncludedBuildTaskGraph.java:153)
	at org.gradle.internal.buildtree.DefaultBuildTreeWorkPreparer.lambda$scheduleRequestedTasks$1(DefaultBuildTreeWorkPreparer.java:41)
	at org.gradle.composite.internal.DefaultIncludedBuildTaskGraph$DefaultBuildTreeWorkGraph$1.run(DefaultIncludedBuildTaskGraph.java:209)
	at org.gradle.internal.operations.DefaultBuildOperationRunner$1.execute(DefaultBuildOperationRunner.java:30)
	at org.gradle.internal.operations.DefaultBuildOperationRunner$1.execute(DefaultBuildOperationRunner.java:27)
	at org.gradle.internal.operations.DefaultBuildOperationRunner$2.execute(DefaultBuildOperationRunner.java:67)
	at org.gradle.internal.operations.DefaultBuildOperationRunner$2.execute(DefaultBuildOperationRunner.java:60)
	at org.gradle.internal.operations.DefaultBuildOperationRunner.execute(DefaultBuildOperationRunner.java:167)
	at org.gradle.internal.operations.DefaultBuildOperationRunner.execute(DefaultBuildOperationRunner.java:60)
	at org.gradle.internal.operations.DefaultBuildOperationRunner.run(DefaultBuildOperationRunner.java:48)
	at org.gradle.composite.internal.DefaultIncludedBuildTaskGraph$DefaultBuildTreeWorkGraph.scheduleWork(DefaultIncludedBuildTaskGraph.java:204)
	at org.gradle.internal.buildtree.DefaultBuildTreeWorkPreparer.scheduleRequestedTasks(DefaultBuildTreeWorkPreparer.java:37)
	at org.gradle.internal.cc.impl.VintageBuildTreeWorkController$scheduleAndRunRequestedTasks$1.apply(VintageBuildTreeWorkController.kt:36)
	at org.gradle.internal.cc.impl.VintageBuildTreeWorkController$scheduleAndRunRequestedTasks$1.apply(VintageBuildTreeWorkController.kt:35)
	at org.gradle.composite.internal.DefaultIncludedBuildTaskGraph.withNewWorkGraph(DefaultIncludedBuildTaskGraph.java:112)
	at org.gradle.internal.cc.impl.VintageBuildTreeWorkController.scheduleAndRunRequestedTasks(VintageBuildTreeWorkController.kt:35)
	at org.gradle.internal.buildtree.DefaultBuildTreeLifecycleController.lambda$scheduleAndRunTasks$1(DefaultBuildTreeLifecycleController.java:77)
	at org.gradle.internal.buildtree.DefaultBuildTreeLifecycleController.lambda$runBuild$4(DefaultBuildTreeLifecycleController.java:120)
	at org.gradle.internal.model.StateTransitionController.lambda$transition$6(StateTransitionController.java:169)
	at org.gradle.internal.model.StateTransitionController.doTransition(StateTransitionController.java:266)
	at org.gradle.internal.model.StateTransitionController.lambda$transition$7(StateTransitionController.java:169)
	at org.gradle.internal.work.DefaultSynchronizer.withLock(DefaultSynchronizer.java:46)
	at org.gradle.internal.model.StateTransitionController.transition(StateTransitionController.java:169)
	at org.gradle.internal.buildtree.DefaultBuildTreeLifecycleController.runBuild(DefaultBuildTreeLifecycleController.java:117)
	at org.gradle.internal.buildtree.DefaultBuildTreeLifecycleController.scheduleAndRunTasks(DefaultBuildTreeLifecycleController.java:77)
	at org.gradle.internal.buildtree.DefaultBuildTreeLifecycleController.scheduleAndRunTasks(DefaultBuildTreeLifecycleController.java:72)
	at org.gradle.tooling.internal.provider.ExecuteBuildActionRunner.run(ExecuteBuildActionRunner.java:31)
	at org.gradle.launcher.exec.ChainingBuildActionRunner.run(ChainingBuildActionRunner.java:35)
	at org.gradle.internal.buildtree.ProblemReportingBuildActionRunner.run(ProblemReportingBuildActionRunner.java:49)
	at org.gradle.launcher.exec.BuildOutcomeReportingBuildActionRunner.run(BuildOutcomeReportingBuildActionRunner.java:71)
	at org.gradle.tooling.internal.provider.FileSystemWatchingBuildActionRunner.run(FileSystemWatchingBuildActionRunner.java:135)
	at org.gradle.launcher.exec.BuildCompletionNotifyingBuildActionRunner.run(BuildCompletionNotifyingBuildActionRunner.java:41)
	at org.gradle.launcher.exec.RootBuildLifecycleBuildActionExecutor.lambda$execute$0(RootBuildLifecycleBuildActionExecutor.java:54)
	at org.gradle.composite.internal.DefaultRootBuildState.run(DefaultRootBuildState.java:130)
	at org.gradle.launcher.exec.RootBuildLifecycleBuildActionExecutor.execute(RootBuildLifecycleBuildActionExecutor.java:54)
	at org.gradle.internal.buildtree.InitDeprecationLoggingActionExecutor.execute(InitDeprecationLoggingActionExecutor.java:62)
	at org.gradle.internal.buildtree.InitProblems.execute(InitProblems.java:36)
	at org.gradle.internal.buildtree.DefaultBuildTreeContext.execute(DefaultBuildTreeContext.java:40)
	at org.gradle.launcher.exec.BuildTreeLifecycleBuildActionExecutor.lambda$execute$0(BuildTreeLifecycleBuildActionExecutor.java:71)
	at org.gradle.internal.buildtree.BuildTreeState.run(BuildTreeState.java:60)
	at org.gradle.launcher.exec.BuildTreeLifecycleBuildActionExecutor.execute(BuildTreeLifecycleBuildActionExecutor.java:71)
	at org.gradle.launcher.exec.RunAsBuildOperationBuildActionExecutor$2.call(RunAsBuildOperationBuildActionExecutor.java:67)
	at org.gradle.launcher.exec.RunAsBuildOperationBuildActionExecutor$2.call(RunAsBuildOperationBuildActionExecutor.java:63)
	at org.gradle.internal.operations.DefaultBuildOperationRunner$CallableBuildOperationWorker.execute(DefaultBuildOperationRunner.java:210)
	at org.gradle.internal.operations.DefaultBuildOperationRunner$CallableBuildOperationWorker.execute(DefaultBuildOperationRunner.java:205)
	at org.gradle.internal.operations.DefaultBuildOperationRunner$2.execute(DefaultBuildOperationRunner.java:67)
	at org.gradle.internal.operations.DefaultBuildOperationRunner$2.execute(DefaultBuildOperationRunner.java:60)
	at org.gradle.internal.operations.DefaultBuildOperationRunner.execute(DefaultBuildOperationRunner.java:167)
	at org.gradle.internal.operations.DefaultBuildOperationRunner.execute(DefaultBuildOperationRunner.java:60)
	at org.gradle.internal.operations.DefaultBuildOperationRunner.call(DefaultBuildOperationRunner.java:54)
	at org.gradle.launcher.exec.RunAsBuildOperationBuildActionExecutor.execute(RunAsBuildOperationBuildActionExecutor.java:63)
	at org.gradle.launcher.exec.RunAsWorkerThreadBuildActionExecutor.lambda$execute$0(RunAsWorkerThreadBuildActionExecutor.java:36)
	at org.gradle.internal.work.DefaultWorkerLeaseService.withLocks(DefaultWorkerLeaseService.java:263)
	at org.gradle.internal.work.DefaultWorkerLeaseService.runAsWorkerThread(DefaultWorkerLeaseService.java:127)
	at org.gradle.launcher.exec.RunAsWorkerThreadBuildActionExecutor.execute(RunAsWorkerThreadBuildActionExecutor.java:36)
	at org.gradle.tooling.internal.provider.continuous.ContinuousBuildActionExecutor.execute(ContinuousBuildActionExecutor.java:110)
	at org.gradle.tooling.internal.provider.SubscribableBuildActionExecutor.execute(SubscribableBuildActionExecutor.java:64)
	at org.gradle.internal.session.DefaultBuildSessionContext.execute(DefaultBuildSessionContext.java:46)
	at org.gradle.internal.buildprocess.execution.BuildSessionLifecycleBuildActionExecutor$ActionImpl.apply(BuildSessionLifecycleBuildActionExecutor.java:92)
	at org.gradle.internal.buildprocess.execution.BuildSessionLifecycleBuildActionExecutor$ActionImpl.apply(BuildSessionLifecycleBuildActionExecutor.java:80)
	at org.gradle.internal.session.BuildSessionState.run(BuildSessionState.java:73)
	at org.gradle.internal.buildprocess.execution.BuildSessionLifecycleBuildActionExecutor.execute(BuildSessionLifecycleBuildActionExecutor.java:62)
	at org.gradle.internal.buildprocess.execution.BuildSessionLifecycleBuildActionExecutor.execute(BuildSessionLifecycleBuildActionExecutor.java:41)
	at org.gradle.internal.buildprocess.execution.StartParamsValidatingActionExecutor.execute(StartParamsValidatingActionExecutor.java:64)
	at org.gradle.internal.buildprocess.execution.StartParamsValidatingActionExecutor.execute(StartParamsValidatingActionExecutor.java:32)
	at org.gradle.internal.buildprocess.execution.SessionFailureReportingActionExecutor.execute(SessionFailureReportingActionExecutor.java:51)
	at org.gradle.internal.buildprocess.execution.SessionFailureReportingActionExecutor.execute(SessionFailureReportingActionExecutor.java:39)
	at org.gradle.internal.buildprocess.execution.SetupLoggingActionExecutor.execute(SetupLoggingActionExecutor.java:47)
	at org.gradle.internal.buildprocess.execution.SetupLoggingActionExecutor.execute(SetupLoggingActionExecutor.java:31)
	at org.gradle.launcher.daemon.server.exec.ExecuteBuild.doBuild(ExecuteBuild.java:70)
	at org.gradle.launcher.daemon.server.exec.BuildCommandOnly.execute(BuildCommandOnly.java:37)
	at org.gradle.launcher.daemon.server.api.DaemonCommandExecution.proceed(DaemonCommandExecution.java:104)
	at org.gradle.launcher.daemon.server.exec.WatchForDisconnection.execute(WatchForDisconnection.java:39)
	at org.gradle.launcher.daemon.server.api.DaemonCommandExecution.proceed(DaemonCommandExecution.java:104)
	at org.gradle.launcher.daemon.server.exec.ResetDeprecationLogger.execute(ResetDeprecationLogger.java:29)
	at org.gradle.launcher.daemon.server.api.DaemonCommandExecution.proceed(DaemonCommandExecution.java:104)
	at org.gradle.launcher.daemon.server.exec.RequestStopIfSingleUsedDaemon.execute(RequestStopIfSingleUsedDaemon.java:35)
	at org.gradle.launcher.daemon.server.api.DaemonCommandExecution.proceed(DaemonCommandExecution.java:104)
	at org.gradle.launcher.daemon.server.exec.ForwardClientInput.lambda$execute$0(ForwardClientInput.java:40)
	at org.gradle.internal.daemon.clientinput.ClientInputForwarder.forwardInput(ClientInputForwarder.java:80)
	at org.gradle.launcher.daemon.server.exec.ForwardClientInput.execute(ForwardClientInput.java:37)
	at org.gradle.launcher.daemon.server.api.DaemonCommandExecution.proceed(DaemonCommandExecution.java:104)
	at org.gradle.launcher.daemon.server.exec.LogAndCheckHealth.execute(LogAndCheckHealth.java:64)
	at org.gradle.launcher.daemon.server.api.DaemonCommandExecution.proceed(DaemonCommandExecution.java:104)
	at org.gradle.launcher.daemon.server.exec.LogToClient.doBuild(LogToClient.java:63)
	at org.gradle.launcher.daemon.server.exec.BuildCommandOnly.execute(BuildCommandOnly.java:37)
	at org.gradle.launcher.daemon.server.api.DaemonCommandExecution.proceed(DaemonCommandExecution.java:104)
	at org.gradle.launcher.daemon.server.exec.EstablishBuildEnvironment.doBuild(EstablishBuildEnvironment.java:84)
	at org.gradle.launcher.daemon.server.exec.BuildCommandOnly.execute(BuildCommandOnly.java:37)
	at org.gradle.launcher.daemon.server.api.DaemonCommandExecution.proceed(DaemonCommandExecution.java:104)
	at org.gradle.launcher.daemon.server.exec.StartBuildOrRespondWithBusy$1.run(StartBuildOrRespondWithBusy.java:52)
	at org.gradle.launcher.daemon.server.DaemonStateCoordinator.lambda$runCommand$0(DaemonStateCoordinator.java:321)
	at org.gradle.internal.concurrent.ExecutorPolicy$CatchAndRecordFailures.onExecute(ExecutorPolicy.java:64)
	at org.gradle.internal.concurrent.AbstractManagedExecutor$1.run(AbstractManagedExecutor.java:48)
Caused by: com.android.builder.errors.EvalIssueException: SDK location not found. Define a valid SDK location with an ANDROID_HOME environment variable or by setting the sdk.dir path in your project's local properties file at '/data/data/com.termux/files/home/votmari-blood-foundation/local.properties'.
	at com.android.builder.errors.IssueReporter.reportError(IssueReporter.kt:118)
	at com.android.builder.errors.IssueReporter.reportError$default(IssueReporter.kt:113)
	at com.android.build.gradle.internal.SdkLocator.getSdkLocation(SdkLocator.kt:322)
	at com.android.build.gradle.internal.SdkDirectLoadingStrategy.loadSdkComponents(SdkDirectLoadingStrategy.kt:106)
	at com.android.build.gradle.internal.SdkDirectLoadingStrategy.init(SdkDirectLoadingStrategy.kt:98)
	at com.android.build.gradle.internal.SdkDirectLoadingStrategy.access$init(SdkDirectLoadingStrategy.kt:51)
	at com.android.build.gradle.internal.SdkDirectLoadingStrategy$components$2.invoke(SdkDirectLoadingStrategy.kt:77)
	at com.android.build.gradle.internal.SdkDirectLoadingStrategy$components$2.invoke(SdkDirectLoadingStrategy.kt:76)
	at kotlin.SynchronizedLazyImpl.getValue(LazyJVM.kt:74)
	at com.android.build.gradle.internal.SdkDirectLoadingStrategy.getComponents(SdkDirectLoadingStrategy.kt:76)
	at com.android.build.gradle.internal.SdkDirectLoadingStrategy.loadedSuccessfully(SdkDirectLoadingStrategy.kt:194)
	at com.android.build.gradle.internal.SdkLoadingStrategy.getTargetBootClasspath(SdkLoadingStrategy.kt:36)
	at com.android.build.gradle.internal.SdkComponentsBuildService$VersionedSdkLoader$targetBootClasspathProvider$1.call(SdkComponents.kt:193)
	at com.android.build.gradle.internal.SdkComponentsBuildService$VersionedSdkLoader$targetBootClasspathProvider$1.call(SdkComponents.kt:192)
	at org.gradle.api.internal.provider.DefaultProvider.calculateOwnValue(DefaultProvider.java:73)
	at org.gradle.api.internal.provider.AbstractMinimalProvider.calculateValue(AbstractMinimalProvider.java:117)
	at org.gradle.api.internal.provider.FlatMapProvider.calculateOwnValue(FlatMapProvider.java:54)
	at org.gradle.api.internal.provider.AbstractMinimalProvider.calculateValue(AbstractMinimalProvider.java:117)
	at org.gradle.api.internal.provider.FlatMapProvider.calculateOwnValue(FlatMapProvider.java:50)
	at org.gradle.api.internal.provider.AbstractMinimalProvider.calculateValue(AbstractMinimalProvider.java:117)
	at org.gradle.api.internal.provider.Collectors$ElementsFromCollectionProvider.collectEntries(Collectors.java:243)
	at org.gradle.api.internal.provider.AbstractCollectionProperty$CollectingSupplier.lambda$calculateOwnValue$0(AbstractCollectionProperty.java:502)
	at org.gradle.api.internal.provider.AbstractCollectingSupplier.calculateValue(AbstractCollectingSupplier.java:87)
	at org.gradle.api.internal.provider.AbstractCollectionProperty$CollectingSupplier.calculateOwnValue(AbstractCollectionProperty.java:501)
	at org.gradle.api.internal.provider.AbstractMinimalProvider.calculateValue(AbstractMinimalProvider.java:117)
	at org.gradle.api.internal.provider.AbstractCollectingSupplier.calculateValue(AbstractCollectingSupplier.java:41)
	at org.gradle.api.internal.provider.AbstractCollectionProperty.finalValue(AbstractCollectionProperty.java:315)
	at org.gradle.api.internal.provider.AbstractCollectionProperty.finalValue(AbstractCollectionProperty.java:79)
	at org.gradle.api.internal.provider.AbstractProperty.finalizeNow(AbstractProperty.java:308)
	at org.gradle.api.internal.provider.AbstractProperty.lambda$beforeRead$0(AbstractProperty.java:303)
	at org.gradle.api.internal.provider.ValueState.finalizeOnReadIfNeeded(ValueState.java:140)
	at org.gradle.api.internal.provider.AbstractProperty.beforeRead(AbstractProperty.java:303)
	at org.gradle.api.internal.provider.AbstractProperty.beforeRead(AbstractProperty.java:295)
	at org.gradle.api.internal.provider.AbstractProperty.calculateOwnValue(AbstractProperty.java:164)
	at org.gradle.api.internal.provider.AbstractMinimalProvider.calculateValue(AbstractMinimalProvider.java:117)
	at org.gradle.api.internal.provider.Collectors$ElementsFromCollectionProvider.collectEntries(Collectors.java:243)
	at org.gradle.api.internal.provider.AbstractCollectionProperty$CollectingSupplier.lambda$calculateOwnValue$0(AbstractCollectionProperty.java:502)
	at org.gradle.api.internal.provider.AbstractCollectingSupplier.calculateValue(AbstractCollectingSupplier.java:87)
	at org.gradle.api.internal.provider.AbstractCollectionProperty$CollectingSupplier.calculateOwnValue(AbstractCollectionProperty.java:501)
	at org.gradle.api.internal.provider.AbstractMinimalProvider.calculateValue(AbstractMinimalProvider.java:117)
	at org.gradle.api.internal.provider.AbstractCollectingSupplier.calculateValue(AbstractCollectingSupplier.java:41)
	at org.gradle.api.internal.provider.AbstractCollectionProperty.finalValue(AbstractCollectionProperty.java:315)
	at org.gradle.api.internal.provider.AbstractCollectionProperty.finalValue(AbstractCollectionProperty.java:79)
	at org.gradle.api.internal.provider.AbstractProperty.finalizeNow(AbstractProperty.java:308)
	at org.gradle.api.internal.provider.AbstractProperty.lambda$beforeRead$0(AbstractProperty.java:303)
	at org.gradle.api.internal.provider.ValueState.finalizeOnReadIfNeeded(ValueState.java:140)
	at org.gradle.api.internal.provider.AbstractProperty.beforeRead(AbstractProperty.java:303)
	at org.gradle.api.internal.provider.AbstractProperty.beforeRead(AbstractProperty.java:295)
	at org.gradle.api.internal.provider.AbstractProperty.calculateOwnValue(AbstractProperty.java:164)
	at org.gradle.api.internal.provider.AbstractMinimalProvider.calculateOwnPresentValue(AbstractMinimalProvider.java:82)
	at org.gradle.api.internal.provider.AbstractMinimalProvider.get(AbstractMinimalProvider.java:102)
	at com.android.build.gradle.BaseExtension.getBootClasspath(BaseExtension.kt:379)
	at com.android.build.gradle.internal.dsl.BaseAppModuleExtension_Decorated.getBootClasspath(Unknown Source)
	at org.jetbrains.kotlin.gradle.plugin.AndroidProjectHandler$wireKotlinTasks$1$1.invoke(AndroidProjectHandler.kt:265)
	at org.jetbrains.kotlin.gradle.plugin.AndroidProjectHandler$wireKotlinTasks$1$1.invoke(AndroidProjectHandler.kt:265)
	at org.gradle.util.internal.DeferredUtil.unpackKotlinFunction0(DeferredUtil.java:97)
	at org.gradle.util.internal.DeferredUtil.unpackNestableDeferred(DeferredUtil.java:85)
	at org.gradle.api.internal.file.collections.UnpackingVisitor.add(UnpackingVisitor.java:90)
	at org.gradle.api.internal.file.collections.DefaultConfigurableFileCollection$UnresolvedItemsCollector.visitContents(DefaultConfigurableFileCollection.java:616)
	at org.gradle.api.internal.file.collections.DefaultConfigurableFileCollection.visitChildren(DefaultConfigurableFileCollection.java:433)
	at org.gradle.api.internal.file.CompositeFileCollection.visitDependencies(CompositeFileCollection.java:102)
	at org.gradle.api.internal.file.collections.DefaultConfigurableFileCollection.visitDependencies(DefaultConfigurableFileCollection.java:439)
	at org.gradle.api.internal.AbstractTaskDependencyContainerVisitingContext.add(AbstractTaskDependencyContainerVisitingContext.java:46)
	at org.gradle.api.internal.file.collections.UnpackingVisitor.add(UnpackingVisitor.java:67)
	at org.gradle.api.internal.file.collections.ProviderBackedFileCollection.visitDependencies(ProviderBackedFileCollection.java:57)
	at org.gradle.api.internal.AbstractTaskDependencyContainerVisitingContext.add(AbstractTaskDependencyContainerVisitingContext.java:46)
	at org.gradle.api.internal.file.collections.UnpackingVisitor.add(UnpackingVisitor.java:77)
	at org.gradle.api.internal.file.collections.DefaultConfigurableFileCollection$UnresolvedItemsCollector.visitContents(DefaultConfigurableFileCollection.java:616)
	at org.gradle.api.internal.file.collections.DefaultConfigurableFileCollection.visitChildren(DefaultConfigurableFileCollection.java:433)
	at org.gradle.api.internal.file.CompositeFileCollection.visitDependencies(CompositeFileCollection.java:102)
	at org.gradle.api.internal.file.collections.DefaultConfigurableFileCollection.visitDependencies(DefaultConfigurableFileCollection.java:439)
	at org.gradle.api.internal.AbstractTaskDependencyContainerVisitingContext.add(AbstractTaskDependencyContainerVisitingContext.java:46)
	at org.gradle.api.internal.file.AbstractFileCollection.lambda$getBuildDependencies$0(AbstractFileCollection.java:98)
	at org.gradle.api.internal.tasks.DefaultTaskDependency.visitDependencies(DefaultTaskDependency.java:151)
	at org.gradle.api.internal.AbstractTaskDependencyContainerVisitingContext.add(AbstractTaskDependencyContainerVisitingContext.java:46)
	at org.gradle.api.internal.artifacts.ivyservice.resolveengine.artifact.LocalFileDependencyBackedArtifactSet.visitDependencies(LocalFileDependencyBackedArtifactSet.java:180)
	at org.gradle.api.internal.AbstractTaskDependencyContainerVisitingContext.add(AbstractTaskDependencyContainerVisitingContext.java:46)
	at org.gradle.api.internal.artifacts.ivyservice.resolveengine.artifact.DefaultSelectedArtifactSet.visitDependencies(DefaultSelectedArtifactSet.java:47)
	at org.gradle.api.internal.artifacts.configurations.ResolutionResultProviderBackedSelectedArtifactSet.visitDependencies(ResolutionResultProviderBackedSelectedArtifactSet.java:44)
	at org.gradle.api.internal.artifacts.configurations.ResolutionBackedFileCollection.visitDependencies(ResolutionBackedFileCollection.java:58)
	at org.gradle.api.internal.tasks.CachingTaskDependencyResolveContext$TaskGraphImpl.getNodeValues(CachingTaskDependencyResolveContext.java:108)
	at org.gradle.internal.graph.CachingDirectedGraphWalker$GraphWithEmptyEdges.getNodeValues(CachingDirectedGraphWalker.java:219)
	at org.gradle.internal.graph.CachingDirectedGraphWalker.doSearch(CachingDirectedGraphWalker.java:127)
	at org.gradle.internal.graph.CachingDirectedGraphWalker.findValues(CachingDirectedGraphWalker.java:79)
	at org.gradle.api.internal.tasks.CachingTaskDependencyResolveContext.getDependencies(CachingTaskDependencyResolveContext.java:67)
	... 139 more


Deprecated Gradle features were used in this build, making it incompatible with Gradle 9.0.

You can use '--warning-mode all' to show the individual deprecation warnings and determine if they come from your own scripts or plugins.

For more on this, please refer to https://docs.gradle.org/8.13/userguide/command_line_interface.html#sec:command_line_warnings in the Gradle documentation.

BUILD FAILED in 1m 11s
Build cache (/data/data/com.termux/files/home/.gradle/caches/build-cache-1) removing files not accessed on or after Fri Jul 17 13:36:37 GMT 2026.
Build cache (/data/data/com.termux/files/home/.gradle/caches/build-cache-1) cleanup deleted 2 files/directories.
Build cache (/data/data/com.termux/files/home/.gradle/caches/build-cache-1) cleaned up in 0.057 secs.
VCS Checkout Cache (/data/data/com.termux/files/home/votmari-blood-foundation/.gradle/vcs-1) removing files not accessed on or after Fri Jul 17 13:36:37 GMT 2026.
VCS Checkout Cache (/data/data/com.termux/files/home/votmari-blood-foundation/.gradle/vcs-1) cleanup deleted 0 files/directories.
VCS Checkout Cache (/data/data/com.termux/files/home/votmari-blood-foundation/.gradle/vcs-1) cleaned up in 0.002 secs.
dependencies-accessors (/data/data/com.termux/files/home/.gradle/caches/8.13/dependencies-accessors) removing files not accessed on or after Fri Jul 17 13:36:37 GMT 2026.
dependencies-accessors (/data/data/com.termux/files/home/.gradle/caches/8.13/dependencies-accessors) cleanup deleted 0 files/directories.
dependencies-accessors (/data/data/com.termux/files/home/.gradle/caches/8.13/dependencies-accessors) cleaned up in 0.002 secs.
